[    0.000000] Linux version 4.15.0-106-generic (buildd@lcy01-amd64-016) (gcc version 7.5.0 (Ubuntu 7.5.0-3ubuntu1~18.04)) #107-Ubuntu SMP Thu Jun 4 11:27:52 UTC 2020 (Ubuntu 4.15.0-106.107-generic 4.15.18)
[    0.000000] Command line: BOOT_IMAGE=/boot/vmlinuz-4.15.0-106-generic root=LABEL=cloudimg-rootfs ro console=tty1 console=ttyS0
[    0.000000] KERNEL supported cpus:
[    0.000000]   Intel GenuineIntel
[    0.000000]   AMD AuthenticAMD
[    0.000000]   Centaur CentaurHauls
[    0.000000] x86/fpu: Supporting XSAVE feature 0x001: 'x87 floating point registers'
[    0.000000] x86/fpu: Supporting XSAVE feature 0x002: 'SSE registers'
[    0.000000] x86/fpu: Supporting XSAVE feature 0x004: 'AVX registers'
[    0.000000] x86/fpu: xstate_offset[2]:  576, xstate_sizes[2]:  256
[    0.000000] x86/fpu: Enabled xstate features 0x7, context size is 832 bytes, using 'standard' format.
[    0.000000] e820: BIOS-provided physical RAM map:
[    0.000000] BIOS-e820: [mem 0x0000000000000000-0x000000000009fbff] usable
[    0.000000] BIOS-e820: [mem 0x000000000009fc00-0x000000000009ffff] reserved
[    0.000000] BIOS-e820: [mem 0x00000000000f0000-0x00000000000fffff] reserved
[    0.000000] BIOS-e820: [mem 0x0000000000100000-0x000000003ffeffff] usable
[    0.000000] BIOS-e820: [mem 0x000000003fff0000-0x000000003fffffff] ACPI data
[    0.000000] BIOS-e820: [mem 0x00000000fec00000-0x00000000fec00fff] reserved
[    0.000000] BIOS-e820: [mem 0x00000000fee00000-0x00000000fee00fff] reserved
[    0.000000] BIOS-e820: [mem 0x00000000fffc0000-0x00000000ffffffff] reserved
[    0.000000] NX (Execute Disable) protection: active
[    0.000000] SMBIOS 2.5 present.
[    0.000000] DMI: innotek GmbH VirtualBox/VirtualBox, BIOS VirtualBox 12/01/2006
[    0.000000] Hypervisor detected: KVM
[    0.000000] e820: last_pfn = 0x3fff0 max_arch_pfn = 0x400000000
[    0.000000] MTRR: Disabled
[    0.000000] x86/PAT: MTRRs disabled, skipping PAT initialization too.
[    0.000000] CPU MTRRs all blank - virtualized system.
[    0.000000] x86/PAT: Configuration [0-7]: WB  WT  UC- UC  WB  WT  UC- UC  
[    0.000000] found SMP MP-table at [mem 0x0009fff0-0x0009ffff]
[    0.000000] Scanning 1 areas for low memory corruption
[    0.000000] RAMDISK: [mem 0x35a6d000-0x36d2dfff]
[    0.000000] ACPI: Early table checksum verification disabled
[    0.000000] ACPI: RSDP 0x00000000000E0000 000024 (v02 VBOX  )
[    0.000000] ACPI: XSDT 0x000000003FFF0030 00003C (v01 VBOX   VBOXXSDT 00000001 ASL  00000061)
[    0.000000] ACPI: FACP 0x000000003FFF00F0 0000F4 (v04 VBOX   VBOXFACP 00000001 ASL  00000061)
[    0.000000] ACPI: DSDT 0x000000003FFF0470 002325 (v02 VBOX   VBOXBIOS 00000002 INTL 20200214)
[    0.000000] ACPI: FACS 0x000000003FFF0200 000040
[    0.000000] ACPI: FACS 0x000000003FFF0200 000040
[    0.000000] ACPI: APIC 0x000000003FFF0240 00005C (v02 VBOX   VBOXAPIC 00000001 ASL  00000061)
[    0.000000] ACPI: SSDT 0x000000003FFF02A0 0001CC (v01 VBOX   VBOXCPUT 00000002 INTL 20200214)
[    0.000000] No NUMA configuration found
[    0.000000] Faking a node at [mem 0x0000000000000000-0x000000003ffeffff]
[    0.000000] NODE_DATA(0) allocated [mem 0x3ffc5000-0x3ffeffff]
[    0.000000] kvm-clock: cpu 0, msr 0:3ff44001, primary cpu clock
[    0.000000] kvm-clock: Using msrs 4b564d01 and 4b564d00
[    0.000000] kvm-clock: using sched offset of 3519818510 cycles
[    0.000000] clocksource: kvm-clock: mask: 0xffffffffffffffff max_cycles: 0x1cd42e4dffb, max_idle_ns: 881590591483 ns
[    0.000000] Zone ranges:
[    0.000000]   DMA      [mem 0x0000000000001000-0x0000000000ffffff]
[    0.000000]   DMA32    [mem 0x0000000001000000-0x000000003ffeffff]
[    0.000000]   Normal   empty
[    0.000000]   Device   empty
[    0.000000] Movable zone start for each node
[    0.000000] Early memory node ranges
[    0.000000]   node   0: [mem 0x0000000000001000-0x000000000009efff]
[    0.000000]   node   0: [mem 0x0000000000100000-0x000000003ffeffff]
[    0.000000] Reserved but unavailable: 98 pages
[    0.000000] Initmem setup node 0 [mem 0x0000000000001000-0x000000003ffeffff]
[    0.000000] ACPI: PM-Timer IO Port: 0x4008
[    0.000000] IOAPIC[0]: apic_id 2, version 32, address 0xfec00000, GSI 0-23
[    0.000000] ACPI: INT_SRC_OVR (bus 0 bus_irq 0 global_irq 2 dfl dfl)
[    0.000000] ACPI: INT_SRC_OVR (bus 0 bus_irq 9 global_irq 9 low level)
[    0.000000] Using ACPI (MADT) for SMP configuration information
[    0.000000] smpboot: Allowing 2 CPUs, 0 hotplug CPUs
[    0.000000] PM: Registered nosave memory: [mem 0x00000000-0x00000fff]
[    0.000000] PM: Registered nosave memory: [mem 0x0009f000-0x0009ffff]
[    0.000000] PM: Registered nosave memory: [mem 0x000a0000-0x000effff]
[    0.000000] PM: Registered nosave memory: [mem 0x000f0000-0x000fffff]
[    0.000000] e820: [mem 0x40000000-0xfebfffff] available for PCI devices
[    0.000000] Booting paravirtualized kernel on KVM
[    0.000000] clocksource: refined-jiffies: mask: 0xffffffff max_cycles: 0xffffffff, max_idle_ns: 7645519600211568 ns
[    0.000000] random: get_random_bytes called from start_kernel+0x99/0x4fd with crng_init=0
[    0.000000] setup_percpu: NR_CPUS:8192 nr_cpumask_bits:2 nr_cpu_ids:2 nr_node_ids:1
[    0.000000] percpu: Embedded 45 pages/cpu s147456 r8192 d28672 u1048576
[    0.000000] PV qspinlock hash table entries: 256 (order: 0, 4096 bytes)
[    0.000000] Built 1 zonelists, mobility grouping on.  Total pages: 257913
[    0.000000] Policy zone: DMA32
[    0.000000] Kernel command line: BOOT_IMAGE=/boot/vmlinuz-4.15.0-106-generic root=LABEL=cloudimg-rootfs ro console=tty1 console=ttyS0
[    0.000000] Memory: 983048K/1048120K available (12300K kernel code, 2481K rwdata, 4272K rodata, 2436K init, 2720K bss, 65072K reserved, 0K cma-reserved)
[    0.000000] SLUB: HWalign=64, Order=0-3, MinObjects=0, CPUs=2, Nodes=1
[    0.000000] Kernel/User page tables isolation: enabled
[    0.000000] ftrace: allocating 39378 entries in 154 pages
[    0.004000] Hierarchical RCU implementation.
[    0.004000] 	RCU restricting CPUs from NR_CPUS=8192 to nr_cpu_ids=2.
[    0.004000] 	Tasks RCU enabled.
[    0.004000] RCU: Adjusting geometry for rcu_fanout_leaf=16, nr_cpu_ids=2
[    0.004000] NR_IRQS: 524544, nr_irqs: 440, preallocated irqs: 16
[    0.004000] Console: colour VGA+ 80x25
[    0.004000] console [tty1] enabled
[    0.004000] console [ttyS0] enabled
[    0.004000] ACPI: Core revision 20170831
[    0.004000] ACPI: 2 ACPI AML tables successfully acquired and loaded
[    0.004000] APIC: Switch to symmetric I/O mode setup
[    0.004000] x2apic enabled
[    0.004000] Switched APIC routing to physical x2apic.
[    0.004000] ..TIMER: vector=0x30 apic1=0 pin1=2 apic2=-1 pin2=-1
[    0.004006] tsc: Detected 2494.314 MHz processor
[    0.004872] Calibrating delay loop (skipped) preset value.. 4988.62 BogoMIPS (lpj=9977256)
[    0.005471] pid_max: default: 32768 minimum: 301
[    0.006327] Security Framework initialized
[    0.008004] Yama: becoming mindful.
[    0.008666] AppArmor: AppArmor initialized
[    0.010283] Dentry cache hash table entries: 131072 (order: 8, 1048576 bytes)
[    0.011675] Inode-cache hash table entries: 65536 (order: 7, 524288 bytes)
[    0.012019] Mount-cache hash table entries: 2048 (order: 2, 16384 bytes)
[    0.013160] Mountpoint-cache hash table entries: 2048 (order: 2, 16384 bytes)
[    0.016292] Last level iTLB entries: 4KB 512, 2MB 8, 4MB 8
[    0.017253] Last level dTLB entries: 4KB 512, 2MB 32, 4MB 32, 1GB 0
[    0.018321] Spectre V1 : Mitigation: usercopy/swapgs barriers and __user pointer sanitization
[    0.020004] Spectre V2 : Mitigation: Full generic retpoline
[    0.020985] Spectre V2 : Spectre v2 / SpectreRSB mitigation: Filling RSB on context switch
[    0.022413] Speculative Store Bypass: Vulnerable
[    0.023329] SRBDS: Unknown: Dependent on hypervisor status
[    0.024003] MDS: Mitigation: Clear CPU buffers
[    0.024964] Freeing SMP alternatives memory: 36K
[    0.136415] smpboot: CPU0: Intel(R) Core(TM) i5-3210M CPU @ 2.50GHz (family: 0x6, model: 0x3a, stepping: 0x9)
[    0.138375] Performance Events: unsupported p6 CPU model 58 no PMU driver, software events only.
[    0.140000] Hierarchical SRCU implementation.
[    0.140626] NMI watchdog: Perf event create on CPU 0 failed with -2
[    0.141689] NMI watchdog: Perf NMI watchdog permanently disabled
[    0.142799] smp: Bringing up secondary CPUs ...
[    0.144113] x86: Booting SMP configuration:
[    0.144847] .... node  #0, CPUs:      #1
[    0.004000] kvm-clock: cpu 1, msr 0:3ff44041, secondary cpu clock
[    0.148028] smp: Brought up 1 node, 2 CPUs
[    0.148754] smpboot: Max logical packages: 1
[    0.149517] smpboot: Total of 2 processors activated (9977.25 BogoMIPS)
[    0.152171] devtmpfs: initialized
[    0.152663] x86/mm: Memory block size: 128MB
[    0.153583] evm: security.selinux
[    0.154174] evm: security.SMACK64
[    0.154804] evm: security.SMACK64EXEC
[    0.156005] evm: security.SMACK64TRANSMUTE
[    0.156723] evm: security.SMACK64MMAP
[    0.157372] evm: security.apparmor
[    0.158014] evm: security.ima
[    0.158547] evm: security.capability
[    0.159280] clocksource: jiffies: mask: 0xffffffff max_cycles: 0xffffffff, max_idle_ns: 7645041785100000 ns
[    0.160013] futex hash table entries: 512 (order: 3, 32768 bytes)
[    0.162023] pinctrl core: initialized pinctrl subsystem
[    0.164174] RTC time: 20:54:18, date: 06/22/20
[    0.165658] NET: Registered protocol family 16
[    0.166849] audit: initializing netlink subsys (disabled)
[    0.168065] audit: type=2000 audit(1592859263.746:1): state=initialized audit_enabled=0 res=1
[    0.168251] cpuidle: using governor ladder
[    0.168793] cpuidle: using governor menu
[    0.172068] ACPI: bus type PCI registered
[    0.172821] acpiphp: ACPI Hot Plug PCI Controller Driver version: 0.5
[    0.174041] PCI: Using configuration type 1 for base access
[    0.176637] HugeTLB registered 2.00 MiB page size, pre-allocated 0 pages
[    0.177251] ACPI: Added _OSI(Module Device)
[    0.177251] ACPI: Added _OSI(Processor Device)
[    0.180007] ACPI: Added _OSI(3.0 _SCP Extensions)
[    0.181181] ACPI: Added _OSI(Processor Aggregator Device)
[    0.182456] ACPI: Added _OSI(Linux-Dell-Video)
[    0.184006] ACPI: Added _OSI(Linux-Lenovo-NV-HDMI-Audio)
[    0.186168] ACPI: Added _OSI(Linux-HPI-Hybrid-Graphics)
[    0.188074] ACPI: Executed 1 blocks of module-level executable AML code
[    0.194041] ACPI: Interpreter enabled
[    0.194980] ACPI: (supports S0 S5)
[    0.195946] ACPI: Using IOAPIC for interrupt routing
[    0.196365] PCI: Using host bridge windows from ACPI; if necessary, use "pci=nocrs" and report a bug
[    0.199073] ACPI: Enabled 2 GPEs in block 00 to 07
[    0.208559] ACPI: PCI Root Bridge [PCI0] (domain 0000 [bus 00-ff])
[    0.210197] acpi PNP0A03:00: _OSC: OS supports [ASPM ClockPM Segments MSI]
[    0.212459] acpi PNP0A03:00: _OSC: not requesting OS control; OS requires [ExtendedConfig ASPM ClockPM MSI]
[    0.215119] acpi PNP0A03:00: fail to add MMCONFIG information, can't access extended PCI configuration space under this bridge.
[    0.216585] PCI host bridge to bus 0000:00
[    0.217596] pci_bus 0000:00: root bus resource [io  0x0000-0x0cf7 window]
[    0.220008] pci_bus 0000:00: root bus resource [io  0x0d00-0xffff window]
[    0.221695] pci_bus 0000:00: root bus resource [mem 0x000a0000-0x000bffff window]
[    0.224008] pci_bus 0000:00: root bus resource [mem 0x40000000-0xfdffffff window]
[    0.225837] pci_bus 0000:00: root bus resource [bus 00-ff]
[    0.229962] pci 0000:00:01.1: legacy IDE quirk: reg 0x10: [io  0x01f0-0x01f7]
[    0.231751] pci 0000:00:01.1: legacy IDE quirk: reg 0x14: [io  0x03f6]
[    0.232010] pci 0000:00:01.1: legacy IDE quirk: reg 0x18: [io  0x0170-0x0177]
[    0.234415] pci 0000:00:01.1: legacy IDE quirk: reg 0x1c: [io  0x0376]
[    0.261935] pci 0000:00:07.0: quirk: [io  0x4000-0x403f] claimed by PIIX4 ACPI
[    0.263800] pci 0000:00:07.0: quirk: [io  0x4100-0x410f] claimed by PIIX4 SMB
[    0.290826] ACPI: PCI Interrupt Link [LNKA] (IRQs 5 9 10 *11)
[    0.292699] ACPI: PCI Interrupt Link [LNKB] (IRQs 5 9 *10 11)
[    0.294526] ACPI: PCI Interrupt Link [LNKC] (IRQs 5 *9 10 11)
[    0.296250] ACPI: PCI Interrupt Link [LNKD] (IRQs 5 9 10 *11)
[    0.298470] SCSI subsystem initialized
[    0.300105] pci 0000:00:02.0: vgaarb: setting as boot VGA device
[    0.301591] pci 0000:00:02.0: vgaarb: VGA device added: decodes=io+mem,owns=io+mem,locks=none
[    0.304016] pci 0000:00:02.0: vgaarb: bridge control possible
[    0.305495] vgaarb: loaded
[    0.306327] ACPI: bus type USB registered
[    0.307454] usbcore: registered new interface driver usbfs
[    0.308020] usbcore: registered new interface driver hub
[    0.309434] usbcore: registered new device driver usb
[    0.312059] EDAC MC: Ver: 3.0.0
[    0.313345] PCI: Using ACPI for IRQ routing
[    0.316349] NetLabel: Initializing
[    0.317295] NetLabel:  domain hash size = 128
[    0.318494] NetLabel:  protocols = UNLABELED CIPSOv4 CALIPSO
[    0.319972] NetLabel:  unlabeled traffic allowed by default
[    0.320130] clocksource: Switched to clocksource kvm-clock
[    0.338785] VFS: Disk quotas dquot_6.6.0
[    0.340007] VFS: Dquot-cache hash table entries: 512 (order 0, 4096 bytes)
[    0.341967] AppArmor: AppArmor Filesystem Enabled
[    0.342911] pnp: PnP ACPI init
[    0.344666] pnp: PnP ACPI: found 3 devices
[    0.355206] clocksource: acpi_pm: mask: 0xffffff max_cycles: 0xffffff, max_idle_ns: 2085701024 ns
[    0.357086] NET: Registered protocol family 2
[    0.358168] TCP established hash table entries: 8192 (order: 4, 65536 bytes)
[    0.359856] TCP bind hash table entries: 8192 (order: 5, 131072 bytes)
[    0.362382] TCP: Hash tables configured (established 8192 bind 8192)
[    0.363944] UDP hash table entries: 512 (order: 2, 16384 bytes)
[    0.365378] UDP-Lite hash table entries: 512 (order: 2, 16384 bytes)
[    0.366962] NET: Registered protocol family 1
[    0.368116] pci 0000:00:00.0: Limiting direct PCI/PCI transfers
[    0.369560] pci 0000:00:01.0: Activating ISA DMA hang workarounds
[    0.371029] pci 0000:00:02.0: Video device with shadowed ROM at [mem 0x000c0000-0x000dffff]
[    0.373146] Unpacking initramfs...
[    0.644199] Freeing initrd memory: 19204K
[    0.645426] clocksource: tsc: mask: 0xffffffffffffffff max_cycles: 0x23f43e87fdf, max_idle_ns: 440795233968 ns
[    0.648036] platform rtc_cmos: registered platform RTC device (no PNP device found)
[    0.649949] Scanning for low memory corruption every 60 seconds
[    0.652205] Initialise system trusted keyrings
[    0.653321] Key type blacklist registered
[    0.654435] workingset: timestamp_bits=36 max_order=18 bucket_order=0
[    0.657070] zbud: loaded
[    0.658453] squashfs: version 4.0 (2009/01/31) Phillip Lougher
[    0.660165] fuse init (API version 7.26)
[    0.665646] Key type asymmetric registered
[    0.666683] Asymmetric key parser 'x509' registered
[    0.667884] Block layer SCSI generic (bsg) driver version 0.4 loaded (major 246)
[    0.669913] io scheduler noop registered
[    0.670880] io scheduler deadline registered
[    0.671944] io scheduler cfq registered (default)
[    0.673524] ACPI: AC Adapter [AC] (on-line)
[    0.674688] input: Power Button as /devices/LNXSYSTM:00/LNXPWRBN:00/input/input0
[    0.676615] ACPI: Power Button [PWRF]
[    0.677859] input: Sleep Button as /devices/LNXSYSTM:00/LNXSLPBN:00/input/input1
[    0.679611] ACPI: Sleep Button [SLPF]
[    0.681864] ACPI: Battery Slot [BAT0] (battery present)
[    0.683356] Serial: 8250/16550 driver, 32 ports, IRQ sharing enabled
[    0.706109] 00:02: ttyS0 at I/O 0x3f8 (irq = 4, base_baud = 115200) is a 16550A
[    0.711113] Linux agpgart interface v0.103
[    0.713878] loop: module loaded
[    0.715215] scsi host0: ata_piix
[    0.716097] scsi host1: ata_piix
[    0.716756] ata1: PATA max UDMA/33 cmd 0x1f0 ctl 0x3f6 bmdma 0xd000 irq 14
[    0.717952] ata2: PATA max UDMA/33 cmd 0x170 ctl 0x376 bmdma 0xd008 irq 15
[    0.719358] libphy: Fixed MDIO Bus: probed
[    0.720213] tun: Universal TUN/TAP device driver, 1.6
[    0.721244] PPP generic driver version 2.4.2
[    0.722218] ehci_hcd: USB 2.0 'Enhanced' Host Controller (EHCI) Driver
[    0.723367] ehci-pci: EHCI PCI platform driver
[    0.724261] ehci-platform: EHCI generic platform driver
[    0.725219] ohci_hcd: USB 1.1 'Open' Host Controller (OHCI) Driver
[    0.726306] ohci-pci: OHCI PCI platform driver
[    0.727128] ohci-platform: OHCI generic platform driver
[    0.728132] uhci_hcd: USB Universal Host Controller Interface driver
[    0.729311] i8042: PNP: PS/2 Controller [PNP0303:PS2K,PNP0f03:PS2M] at 0x60,0x64 irq 1,12
[    0.731250] serio: i8042 KBD port at 0x60,0x64 irq 1
[    0.732223] serio: i8042 AUX port at 0x60,0x64 irq 12
[    0.733345] mousedev: PS/2 mouse device common for all mice
[    0.735008] input: AT Translated Set 2 keyboard as /devices/platform/i8042/serio0/input/input2
[    0.736839] rtc_cmos rtc_cmos: rtc core: registered rtc_cmos as rtc0
[    0.738026] rtc_cmos rtc_cmos: alarms up to one day, 114 bytes nvram
[    0.739195] i2c /dev entries driver
[    0.739904] device-mapper: uevent: version 1.0.3
[    0.740840] device-mapper: ioctl: 4.37.0-ioctl (2017-09-20) initialised: dm-devel@redhat.com
[    0.742435] ledtrig-cpu: registered to indicate activity on CPUs
[    0.744273] NET: Registered protocol family 10
[    0.749731] Segment Routing with IPv6
[    0.750500] NET: Registered protocol family 17
[    0.751417] Key type dns_resolver registered
[    0.752762] mce: Using 0 MCE banks
[    0.753378] RAS: Correctable Errors collector initialized.
[    0.754415] sched_clock: Marking stable (752665813, 0)->(900614446, -147948633)
[    0.756101] registered taskstats version 1
[    0.756942] Loading compiled-in X.509 certificates
[    0.760666] Loaded X.509 cert 'Build time autogenerated kernel key: b1772ce3e036cbf6bf2b7e9ed9be0f8806d61091'
[    0.762413] zswap: loaded using pool lzo/zbud
[    0.767420] Key type big_key registered
[    0.768266] Key type trusted registered
[    0.770883] Key type encrypted registered
[    0.771653] AppArmor: AppArmor sha1 policy hashing enabled
[    0.772652] ima: No TPM chip found, activating TPM-bypass! (rc=-19)
[    0.773736] ima: Allocated hash algorithm: sha1
[    0.774543] evm: HMAC attrs: 0x1
[    0.775468]   Magic number: 8:666:953
[    0.776186] memory memory6: hash matches
[    0.777104] rtc_cmos rtc_cmos: setting system clock to 2020-06-22 20:54:19 UTC (1592859259)
[    0.778810] BIOS EDD facility v0.16 2004-Jun-25, 0 devices found
[    0.779893] EDD information not available.
[    0.915120] Freeing unused kernel image memory: 2436K
[    0.928095] Write protecting the kernel read-only data: 20480k
[    0.929924] Freeing unused kernel image memory: 2008K
[    0.931708] Freeing unused kernel image memory: 1872K
[    0.943554] x86/mm: Checked W+X mappings: passed, no W+X pages found.
[    0.945342] x86/mm: Checking user space page tables
[    0.957143] x86/mm: Checked W+X mappings: passed, no W+X pages found.
Loading, please wait...
starting version 237
[    1.056302] Fusion MPT base driver 3.04.20
[    1.057530] Copyright (c) 1999-2008 LSI Corporation
[    1.068796] e1000: Intel(R) PRO/1000 Network Driver - version 7.3.21-k8-NAPI
[    1.072035] e1000: Copyright (c) 1999-2006 Intel Corporation.
[    1.081432] AVX version of gcm_enc/dec engaged.
[    1.082747] AES CTR mode by8 optimization enabled
[    1.107404] Fusion MPT SPI Host driver 3.04.20
[    1.277957] input: ImExPS/2 Generic Explorer Mouse as /devices/platform/i8042/serio1/input/input4
[    1.479881] e1000 0000:00:03.0 eth0: (PCI:33MHz:32-bit) 02:fc:38:2c:42:7e
[    1.482705] e1000 0000:00:03.0 eth0: Intel(R) PRO/1000 Network Connection
[    1.862621] e1000 0000:00:08.0 eth1: (PCI:33MHz:32-bit) 08:00:27:12:60:b7
[    1.863972] e1000 0000:00:08.0 eth1: Intel(R) PRO/1000 Network Connection
[    1.866919] mptbase: ioc0: Initiating bringup
[    2.542671] ioc0: LSI53C1030 A0: Capabilities={Initiator}
[    4.298963] scsi host2: ioc0: LSI53C1030 A0, FwRev=00000000h, Ports=1, MaxQ=256, IRQ=20
[    5.673577] scsi 2:0:0:0: Direct-Access     VBOX     HARDDISK         1.0  PQ: 0 ANSI: 5
[    5.716160] scsi target2:0:0: Beginning Domain Validation
[    5.722436] scsi target2:0:0: Domain Validation skipping write tests
[    5.724100] scsi target2:0:0: Ending Domain Validation
[    5.725387] scsi target2:0:0: asynchronous
[    5.726905] scsi 2:0:1:0: Direct-Access     VBOX     HARDDISK         1.0  PQ: 0 ANSI: 5
[    6.044771] scsi target2:0:1: Beginning Domain Validation
[    6.049910] random: fast init done
[    6.051173] scsi target2:0:1: Domain Validation skipping write tests
[    6.052745] scsi target2:0:1: Ending Domain Validation
[    6.053416] random: systemd-udevd: uninitialized urandom read (16 bytes read)
[    6.054050] scsi target2:0:1: asynchronous
[    6.055575] random: systemd-udevd: uninitialized urandom read (16 bytes read)
[    6.058621] random: systemd-udevd: uninitialized urandom read (16 bytes read)
[    6.060974] e1000 0000:00:09.0 eth2: (PCI:33MHz:32-bit) 08:00:27:1d:9c:77
[    6.061957] sd 2:0:0:0: Attached scsi generic sg0 type 0
[    6.062615] e1000 0000:00:09.0 eth2: Intel(R) PRO/1000 Network Connection
[    6.064138] sd 2:0:1:0: Attached scsi generic sg1 type 0
[    6.067196] sd 2:0:1:0: [sdb] 20480 512-byte logical blocks: (10.5 MB/10.0 MiB)
[    6.068636] sd 2:0:0:0: [sda] 20971520 512-byte logical blocks: (10.7 GB/10.0 GiB)
[    6.070087] sd 2:0:1:0: [sdb] Write Protect is off
[    6.071010] sd 2:0:0:0: [sda] Write Protect is off
[    6.072724] sd 2:0:1:0: [sdb] Incomplete mode parameter data
[    6.073795] sd 2:0:1:0: [sdb] Assuming drive cache: write through
[    6.074912] sd 2:0:0:0: [sda] Incomplete mode parameter data
[    6.076363] sd 2:0:0:0: [sda] Assuming drive cache: write through
[    6.078830] e1000 0000:00:03.0 enp0s3: renamed from eth0
[    6.083646]  sda: sda1
[    6.085552] sd 2:0:0:0: [sda] Attached SCSI disk
[    6.086928] sd 2:0:1:0: [sdb] Attached SCSI disk
[    6.097402] e1000 0000:00:08.0 enp0s8: renamed from eth1
[    6.146055] e1000 0000:00:09.0 enp0s9: renamed from eth2
Begin: Loading essential drivers ... [    7.628137] raid6: sse2x1   gen()  8686 MB/s
[    7.680257] raid6: sse2x1   xor()  6944 MB/s
[    7.736506] raid6: sse2x2   gen()  9844 MB/s
[    7.793847] raid6: sse2x2   xor()  6361 MB/s
[    7.843916] raid6: sse2x4   gen() 13429 MB/s
[    7.900599] raid6: sse2x4   xor() 10092 MB/s
[    7.901523] raid6: using algorithm sse2x4 gen() 13429 MB/s
[    7.902520] raid6: .... xor() 10092 MB/s, rmw enabled
[    7.903429] raid6: using ssse3x2 recovery algorithm
[    7.906486] xor: automatically using best checksumming function   avx       
[    7.910520] async_tx: api initialized (async)
done.
Begin: Running /scripts/init-premount ... done.
Begin: Mounting root file system ... Begin: Running /scripts/local-top ... done.
Begin: Running /scripts/local-premount ... [    7.971889] Btrfs loaded, crc32c=crc32c-intel
Scanning for Btrfs filesystems
done.
Warning: fsck not present, so skipping root file system
[    8.021575] EXT4-fs (sda1): mounted filesystem with ordered data mode. Opts: (null)
done.
Begin: Running /scripts/local-bottom ... done.
Begin: Running /scripts/init-bottom ... done.
[    8.259375] ip_tables: (C) 2000-2006 Netfilter Core Team
[    8.272891] systemd[1]: systemd 237 running in system mode. (+PAM +AUDIT +SELINUX +IMA +APPARMOR +SMACK +SYSVINIT +UTMP +LIBCRYPTSETUP +GCRYPT +GNUTLS +ACL +XZ +LZ4 +SECCOMP +BLKID +ELFUTILS +KMOD -IDN2 +IDN -PCRE2 default-hierarchy=hybrid)
[    8.277823] systemd[1]: Detected virtualization oracle.
[    8.279188] systemd[1]: Detected architecture x86-64.

Welcome to [1mUbuntu 18.04.4 LTS[0m!

[    8.287951] systemd[1]: Set hostname to <ubuntu>.
[    8.293093] systemd[1]: Initializing machine ID from random generator.
[    8.294368] systemd[1]: Installed transient /etc/machine-id file.
[    8.669269] systemd[1]: Created slice User and Session Slice.
[[0;32m  OK  [0m] Created slice User and Session Slice.
[    8.674014] systemd[1]: Created slice System Slice.
[[0;32m  OK  [0m] Created slice System Slice.
[    8.675724] systemd[1]: Listening on /dev/initctl Compatibility Named Pipe.
[[0;32m  OK  [0m] Listening on /dev/initctl Compatibility Named Pipe.
[    8.678077] systemd[1]: Listening on Network Service Netlink Socket.
[[0;32m  OK  [0m] Listening on Network Service Netlink Socket.
[[0;32m  OK  [0m] Listening on Journal Socket.
         Starting Uncomplicated firewall...
         Starting Remount Root and Kernel File Systems...
         Starting Load Kernel Modules...
         Mounting Kernel Debug File System...
         Mounting Huge Pages File System...
         Mounting POSIX Message Queue File System...
         Starting Set the console keyboard layout...
         Starting Create list of required stâ€¦ce nodes for the current kernel...
[[0;32m  OK  [0m] Listening on LVM2 poll daemon socket.
[[0;32m  OK  [0m] Listening on udev Control Socket.
[[0;32m  OK  [0m] Listening on Device-mapper event daemon FIFOs.
[[0;32m  OK  [0m] Listening on Journal Socket (/dev/log).
[[0;32m  OK  [0m] Set up automount Arbitrary Executabâ€¦rmats File System Automount Point.
[[0;32m  OK  [0m] Listening on LVM2 metadata daemon socket.
         Starting Monitoring of LVM2 mirrorsâ€¦ng dmeventd or progress polling...
[[0;32m  OK  [0m] Started Forward Password Requests to Wall Directory Watch.
[[0;32m  OK  [0m] Reached target Slices.
[[0;32m  OK  [0m] Reached target User and Group Name Lookups.
[[0;32m  OK  [0m] Created slice system-serial\x2dgetty.slice.
[[0;32m  OK  [0m] Reached target Swap.
[[0;32m  OK  [0m] Listening on Journal Audit Socket.
[[0;32m  OK  [0m] Listening on udev Kernel Socket.
         Starting udev Coldplug all Devices...
[[0;32m  OK  [0m] Reached target System Time Synchronized.
[[0;32m  OK  [0m] Listening on Syslog Socket.
[    8.754902] EXT4-fs (sda1): re-mounted. Opts: (null)
[    8.757139] Loading iSCSI transport class v2.0-870.
         Starting Journal Service...
[[0;32m  OK  [0m] Started Uncomplicated firewall.
[[0;32m  OK  [0m] Started Remount Root and Kernel File Systems.
[[0;32m  OK  [0m] Mounted Kernel Debug File System.
[[0;32m  OK  [0m] Mounted Huge Pages File System.
[[0;32m  OK  [0m] Mounted POSIX Message Queue File System.
[[0;32m  OK  [0m] Started Create list of required staâ€¦vice nodes for the current kernel.
         Starting Create Static Device Nodes in /dev...
[    8.797014] iscsi: registered transport (tcp)
[    8.821327] iscsi: registered transport (iser)
         Starting Load/Save Random Seed...
[[0;32m  OK  [0m] Started Load Kernel Modules.
[[0;32m  OK  [0m] Started Create Static Device Nodes in /dev.
         Starting udev Kernel Device Manager...
         Mounting Kernel Configuration File System...
         Mounting FUSE Control File System...
         Starting Apply Kernel Variables...
[[0;32m  OK  [0m] Mounted Kernel Configuration File System.
[[0;32m  OK  [0m] Mounted FUSE Control File System.
[[0;32m  OK  [0m] Started Load/Save Random Seed.
[[0;32m  OK  [0m] Started Journal Service.
[[0;32m  OK  [0m] Started udev Kernel Device Manager.
         Starting Flush Journal to Persistent Storage...
[[0;32m  OK  [0m] Started LVM2 metadata daemon.
[[0;32m  OK  [0m] Started Apply Kernel Variables.
[[0;32m  OK  [0m] Started udev Coldplug all Devices.
[[0;32m  OK  [0m] Started Monitoring of LVM2 mirrors,â€¦sing dmeventd or progress polling.
[[0;32m  OK  [0m] Started Flush Journal to Persistent Storage.
[[0;32m  OK  [0m] Found device /dev/ttyS0.
[[0;32m  OK  [0m] Listening on Load/Save RF Kill Switch Status /dev/rfkill Watch.
[[0;32m  OK  [0m] Started Set the console keyboard layout.
[[0;32m  OK  [0m] Reached target Local File Systems (Pre).
[[0;32m  OK  [0m] Reached target Local File Systems.
         Starting ebtables ruleset management...
         Starting Commit a transient machine-id on disk...
         Starting Create Volatile Files and Directories...
         Starting AppArmor initialization...
         Starting Tell Plymouth To Write Out Runtime Data...
         Starting Set console font and keymap...
[[0;32m  OK  [0m] Started Dispatch Password Requests to Console Directory Watch.
[[0;32m  OK  [0m] Reached target Local Encrypted Volumes.
[[0;32m  OK  [0m] Started Tell Plymouth To Write Out Runtime Data.
[[0;32m  OK  [0m] Started Create Volatile Files and Directories.
         Starting Update UTMP about System Boot/Shutdown...
[[0;32m  OK  [0m] Started Update UTMP about System Boot/Shutdown.
[[0;32m  OK  [0m] Started ebtables ruleset management.
[[0;32m  OK  [0m] Started Commit a transient machine-id on disk.
[[0;32m  OK  [0m] Started AppArmor initialization.
         Starting Initial cloud-init job (pre-networking)...
[[0;32m  OK  [0m] Started Set console font and keymap.
[   13.062973] cloud-init[813]: Cloud-init v. 19.4-33-gbb4131a2-0ubuntu1~18.04.1 running 'init-local' at Mon, 22 Jun 2020 20:54:31 +0000. Up 12.58 seconds.
[[0;32m  OK  [0m] Started Initial cloud-init job (pre-networking).
[[0;32m  OK  [0m] Reached target Network (Pre).
         Starting Network Service...
[[0;32m  OK  [0m] Started Network Service.
         Starting Network Name Resolution...
         Starting Wait for Network to be Configured...
[[0;32m  OK  [0m] Started Network Name Resolution.
[[0;32m  OK  [0m] Reached target Network.
[[0;32m  OK  [0m] Reached target Host and Network Name Lookups.
[[0;32m  OK  [0m] Started Wait for Network to be Configured.
         Starting Initial cloud-init job (metadata service crawler)...
[   15.247987] cloud-init[966]: Cloud-init v. 19.4-33-gbb4131a2-0ubuntu1~18.04.1 running 'init' at Mon, 22 Jun 2020 20:54:33 +0000. Up 15.06 seconds.
[   15.260427] cloud-init[966]: ci-info: ++++++++++++++++++++++++++++++++++++++Net device info+++++++++++++++++++++++++++++++++++++++
[   15.262527] cloud-init[966]: ci-info: +--------+-------+----------------------------+---------------+--------+-------------------+
[   15.264303] cloud-init[966]: ci-info: | Device |   Up  |          Address           |      Mask     | Scope  |     Hw-Address    |
[   15.265994] cloud-init[966]: ci-info: +--------+-------+----------------------------+---------------+--------+-------------------+
[   15.268248] cloud-init[966]: ci-info: | enp0s3 |  True |         10.0.2.15          | 255.255.255.0 | global | 02:fc:38:2c:42:7e |
[   15.270384] cloud-init[966]: ci-info: | enp0s3 |  True | fe80::fc:38ff:fe2c:427e/64 |       .       |  link  | 02:fc:38:2c:42:7e |
[   15.272535] cloud-init[966]: ci-info: | enp0s8 | False |             .              |       .       |   .    | 08:00:27:12:60:b7 |
[   15.274642] cloud-init[966]: ci-info: | enp0s9 | False |             .              |       .       |   .    | 08:00:27:1d:9c:77 |
[   15.276771] cloud-init[966]: ci-info: |   lo   |  True |         127.0.0.1          |   255.0.0.0   |  host  |         .         |
[   15.278613] cloud-init[966]: ci-info: |   lo   |  True |          ::1/128           |       .       |  host  |         .         |
[   15.280497] cloud-init[966]: ci-info: +--------+-------+----------------------------+---------------+--------+-------------------+
[   15.282330] cloud-init[966]: ci-info: ++++++++++++++++++++++++++++Route IPv4 info+++++++++++++++++++++++++++++
[   15.283908] cloud-init[966]: ci-info: +-------+-------------+----------+-----------------+-----------+-------+
[   15.285589] cloud-init[966]: ci-info: | Route | Destination | Gateway  |     Genmask     | Interface | Flags |
[   15.287126] cloud-init[966]: ci-info: +-------+-------------+----------+-----------------+-----------+-------+
[   15.288703] cloud-init[966]: ci-info: |   0   |   0.0.0.0   | 10.0.2.2 |     0.0.0.0     |   enp0s3  |   UG  |
[   15.290285] cloud-init[966]: ci-info: |   1   |   10.0.2.0  | 0.0.0.0  |  255.255.255.0  |   enp0s3  |   U   |
[   15.291998] cloud-init[966]: ci-info: |   2   |   10.0.2.2  | 0.0.0.0  | 255.255.255.255 |   enp0s3  |   UH  |
[   15.293584] cloud-init[966]: ci-info: +-------+-------------+----------+-----------------+-----------+-------+
[   15.295162] cloud-init[966]: ci-info: +++++++++++++++++++Route IPv6 info+++++++++++++++++++
[   15.296523] cloud-init[966]: ci-info: +-------+-------------+---------+-----------+-------+
[   15.297920] cloud-init[966]: ci-info: | Route | Destination | Gateway | Interface | Flags |
[   15.299248] cloud-init[966]: ci-info: +-------+-------------+---------+-----------+-------+
[   15.300588] cloud-init[966]: ci-info: |   1   |  fe80::/64  |    ::   |   enp0s3  |   U   |
[   15.301926] cloud-init[966]: ci-info: |   3   |    local    |    ::   |   enp0s3  |   U   |
[   15.303185] cloud-init[966]: ci-info: |   4   |   ff00::/8  |    ::   |   enp0s3  |   U   |
[   15.304496] cloud-init[966]: ci-info: +-------+-------------+---------+-----------+-------+
[   16.168182] cloud-init[966]: Generating public/private rsa key pair.
[   16.169314] cloud-init[966]: Your identification has been saved in /etc/ssh/ssh_host_rsa_key.
[   16.170954] cloud-init[966]: Your public key has been saved in /etc/ssh/ssh_host_rsa_key.pub.
[   16.172642] cloud-init[966]: The key fingerprint is:
[   16.173658] cloud-init[966]: SHA256:XwNVYOuJBpKzwyQz2xX6OEW+irRaIRvqhAGCY7RuIJE root@ubuntu-bionic
[   16.175367] cloud-init[966]: The key's randomart image is:
[   16.176457] cloud-init[966]: +---[RSA 2048]----+
[   16.177402] cloud-init[966]: |.o      o   +o.  |
[   16.178316] cloud-init[966]: |E..    = . o .   |
[   16.179251] cloud-init[966]: |Bo  + * = . .    |
[   16.180233] cloud-init[966]: |B.   O O o + .   |
[   16.181225] cloud-init[966]: |.oo + B S o =    |
[   16.182189] cloud-init[966]: |oo = + + o . .   |
[   16.183111] cloud-init[966]: |o.. + .   .      |
[   16.184050] cloud-init[966]: |o  o             |
[   16.185011] cloud-init[966]: | ..              |
[   16.185847] cloud-init[966]: +----[SHA256]-----+
[   16.186804] cloud-init[966]: Generating public/private dsa key pair.
[   16.188028] cloud-init[966]: Your identification has been saved in /etc/ssh/ssh_host_dsa_key.
[   16.189690] cloud-init[966]: Your public key has been saved in /etc/ssh/ssh_host_dsa_key.pub.
[   16.191501] cloud-init[966]: The key fingerprint is:
[   16.192619] cloud-init[966]: SHA256:axBZ3AVvJ7QJ/fOjs1GL+FMn/G0zv3xbhBObATRh/Z8 root@ubuntu-bionic
[   16.194518] cloud-init[966]: The key's randomart image is:
[   16.195594] cloud-init[966]: +---[DSA 1024]----+
[   16.210286] cloud-init[966]: |       ...o=Oo   |
[   16.211201] cloud-init[966]: |       o. .=.=.  |
[   16.212227] cloud-init[966]: |      o     *.+. |
[   16.213164] cloud-init[966]: |       .   . oo*.|
[   16.214126] cloud-init[966]: |      . S    .=++|
[   16.215085] cloud-init[966]: |       . .  . =E=|
[   16.215889] cloud-init[966]: |        o  . oo+=|
[   16.216853] cloud-init[966]: |       .    .+oo*|
[   16.217706] cloud-init[966]: |             o+=O|
[   16.218685] cloud-init[966]: +----[SHA256]-----+
[   16.219818] cloud-init[966]: Generating public/private ecdsa key pair.
[   16.221130] cloud-init[966]: Your identification has been saved in /etc/ssh/ssh_host_ecdsa_key.
[   16.222805] cloud-init[966]: Your public key has been saved in /etc/ssh/ssh_host_ecdsa_key.pub.
[   16.224446] cloud-init[966]: The key fingerprint is:
[   16.225451] cloud-init[966]: SHA256:/pAZhBdkxOytctOf3CDCA48JWHR2c7b3plFfDFA+TcI root@ubuntu-bionic
[   16.227043] cloud-init[966]: The key's randomart image is:
[   16.228165] cloud-init[966]: +---[ECDSA 256]---+
[   16.229116] cloud-init[966]: |   .. o=B o .++ .|
[   16.230060] cloud-init[966]: |    .o +o= . .E* |
[   16.231024] cloud-init[966]: |   o  ..o.. . + +|
[   16.231955] cloud-init[966]: |  . . .o. .. o o.|
[   16.232900] cloud-init[966]: |     . *So  . o .|
[   16.233884] cloud-init[966]: |      +.O+o .+   |
[   16.234854] cloud-init[966]: |       o=+ +.+   |
[   16.235774] cloud-init[966]: |         o  + .  |
[   16.236769] cloud-init[966]: |          .      |
[   16.237713] cloud-init[966]: +----[SHA256]-----+
[   16.238634] cloud-init[966]: Generating public/private ed25519 key pair.
[   16.240395] cloud-init[966]: Your identification has been saved in /etc/ssh/ssh_host_ed25519_key.
[   16.242104] cloud-init[966]: Your public key has been saved in /etc/ssh/ssh_host_ed25519_key.pub.
[   16.258723] cloud-init[966]: The key fingerprint is:
[   16.259578] cloud-init[966]: SHA256:rsp261ZqFFaTjK+53p+B7OmrjoA8sYmMb1JWRMYpDq8 root@ubuntu-bionic
[   16.261048] cloud-init[966]: The key's randomart image is:
[   16.261992] cloud-init[966]: +--[ED25519 256]--+
[   16.262834] cloud-init[966]: |   oo. o .       |
[   16.266193] cloud-init[966]: |. ..+ . =        |
[   16.267003] cloud-init[966]: | + o   o .       |
[   16.267905] cloud-init[966]: |  o . o .        |
[   16.268661] cloud-init[966]: | o . . +S        |
[   16.269680] cloud-init[966]: |E.*   +o..       |
[   16.270498] cloud-init[966]: |+O.  . ++ .      |
[   16.274319] cloud-init[966]: |..oo..*+ . o     |
[   16.287946] cloud-init[966]: | o..+OB+*oo      |
[   16.305817] cloud-init[966]: +----[SHA256]-----+
[[0;32m  OK  [0m] Started Initial cloud-init job (metadata service crawler).
[[0;32m  OK  [0m] Reached target System Initialization.
[[0;32m  OK  [0m] Started Daily apt download activities.
[[0;32m  OK  [0m] Started ACPI Events Check.
[[0;32m  OK  [0m] Listening on D-Bus System Message Bus Socket.
[[0;32m  OK  [0m] Started Message of the Day.
[[0;32m  OK  [0m] Started Daily apt upgrade and clean activities.
[[0;32m  OK  [0m] Listening on Open-iSCSI iscsid Socket.
[[0;32m  OK  [0m] Started Discard unused blocks once a week.
[[0;32m  OK  [0m] Listening on ACPID Listen Socket.
[[0;32m  OK  [0m] Listening on UUID daemon activation socket.
[[0;32m  OK  [0m] Started Daily Cleanup of Temporary Directories.
[[0;32m  OK  [0m] Reached target Timers.
         Starting LXD - unix socket.
[[0;32m  OK  [0m] Reached target Paths.
         Starting Socket activation for snappy daemon.
[[0;32m  OK  [0m] Reached target Cloud-config availability.
[[0;32m  OK  [0m] Reached target Network is Online.
         Starting Availability of block devices...
[[0;32m  OK  [0m] Reached target Remote File Systems (Pre).
[[0;32m  OK  [0m] Reached target Remote File Systems.
[[0;32m  OK  [0m] Listening on LXD - unix socket.
[[0;32m  OK  [0m] Listening on Socket activation for snappy daemon.
[[0;32m  OK  [0m] Reached target Sockets.
[[0;32m  OK  [0m] Reached target Basic System.
         Starting LSB: automatic crash report generation...
         Starting LXD - container startup/shutdown...
[[0;32m  OK  [0m] Started FUSE filesystem for LXC.
         Starting Pollinate to seed the pseudo random number generator...
         Starting Accounts Service...
[[0;32m  OK  [0m] Started D-Bus System Message Bus.
         Starting System Logging Service...
[[0;32m  OK  [0m] Started Deferred execution scheduler.
         Starting Snappy daemon...
[[0;32m  OK  [0m] Started Regular background program processing daemon.
[[0;32m  OK  [0m] Started irqbalance daemon.
         Starting LSB: Record successful boot for GRUB...
         Starting Login Service...
         Starting Virtualbox guest utils...
         Starting Dispatcher daemon for systemd-networkd...
         Starting Permit User Sessions...
[[0;32m  OK  [0m] Started System Logging Service.
[[0;32m  OK  [0m] Started Availability of block devices.
[[0;32m  OK  [0m] Started LXD - container startup/shutdown.
[[0;32m  OK  [0m] Started Permit User Sessions.
         Starting Hold until boot process finishes up...
         Starting Terminate Plymouth Boot Screen...
         Starting Authorization Manager...
[[0;32m  OK  [0m] Started Hold until boot process finishes up.
[[0;32m  OK  [0m] Started Login Service.
[[0;32m  OK  [0m] Started Terminate Plymouth Boot Screen.
[[0;32m  OK  [0m] Started Unattended Upgrades Shutdown.
         Starting Set console scheme...
[[0;32m  OK  [0m] Started Serial Getty on ttyS0.
[[0;32m  OK  [0m] Started LSB: automatic crash report generation.
[[0;32m  OK  [0m] Started Set console scheme.
[[0;32m  OK  [0m] Created slice system-getty.slice.
[[0;32m  OK  [0m] Started Getty on tty1.
[[0;32m  OK  [0m] Reached target Login Prompts.
[[0;32m  OK  [0m] Started Authorization Manager.
[[0;32m  OK  [0m] Started LSB: Record successful boot for GRUB.
[[0;32m  OK  [0m] Started Accounts Service.
[[0;32m  OK  [0m] Started Virtualbox guest utils.
[[0;32m  OK  [0m] Started Dispatcher daemon for systemd-networkd.
[[0;32m  OK  [0m] Started Snappy daemon.
         Starting Wait until snapd is fully seeded...
[[0;32m  OK  [0m] Started Pollinate to seed the pseudo random number generator.
         Starting OpenBSD Secure Shell server...
[[0;32m  OK  [0m] Started OpenBSD Secure Shell server.
[[0;32m  OK  [0m] Created slice User Slice of vagrant.
         Starting User Manager for UID 1000...
[[0;32m  OK  [0m] Started Session 1 of user vagrant.
[[0;32m  OK  [0m] Started User Manager for UID 1000.
[[0;32m  OK  [0m] Started Wait until snapd is fully seeded.
         Starting Apply the settings specified in cloud-config...
[[0;32m  OK  [0m] Reached target Multi-User System.
[[0;32m  OK  [0m] Reached target Graphical Interface.
         Starting Update UTMP about System Runlevel Changes...
[[0;32m  OK  [0m] Started Update UTMP about System Runlevel Changes.
[   21.935259] cloud-init[1497]: Cloud-init v. 19.4-33-gbb4131a2-0ubuntu1~18.04.1 running 'modules:config' at Mon, 22 Jun 2020 20:54:39 +0000. Up 20.60 seconds.
[[0;32m  OK  [0m] Started Apply the settings specified in cloud-config.
         Starting Execute cloud user/final scripts...

Ubuntu 18.04.4 LTS ubuntu-bionic ttyS0

ubuntu-bionic login: ci-info: no authorized SSH keys fingerprints found for user ubuntu.
<14>Jun 22 20:54:42 ec2: 
<14>Jun 22 20:54:42 ec2: #############################################################
<14>Jun 22 20:54:42 ec2: -----BEGIN SSH HOST KEY FINGERPRINTS-----
<14>Jun 22 20:54:42 ec2: 1024 SHA256:axBZ3AVvJ7QJ/fOjs1GL+FMn/G0zv3xbhBObATRh/Z8 root@ubuntu-bionic (DSA)
<14>Jun 22 20:54:42 ec2: 256 SHA256:/pAZhBdkxOytctOf3CDCA48JWHR2c7b3plFfDFA+TcI root@ubuntu-bionic (ECDSA)
<14>Jun 22 20:54:42 ec2: 256 SHA256:rsp261ZqFFaTjK+53p+B7OmrjoA8sYmMb1JWRMYpDq8 root@ubuntu-bionic (ED25519)
<14>Jun 22 20:54:42 ec2: 2048 SHA256:XwNVYOuJBpKzwyQz2xX6OEW+irRaIRvqhAGCY7RuIJE root@ubuntu-bionic (RSA)
<14>Jun 22 20:54:42 ec2: -----END SSH HOST KEY FINGERPRINTS-----
<14>Jun 22 20:54:42 ec2: #############################################################
-----BEGIN SSH HOST KEY KEYS-----
ecdsa-sha2-nistp256 AAAAE2VjZHNhLXNoYTItbmlzdHAyNTYAAAAIbmlzdHAyNTYAAABBBNjoWY6GF60J25Z86HiAA45Yx7c5i8sSia/rL9jwL5lI/XxhgijL4JDEqMqUXWEySNEZEiaj2ajIZ9ZYtZdvrEs= root@ubuntu-bionic
ssh-ed25519 AAAAC3NzaC1lZDI1NTE5AAAAIF4t6Y/bWH8o9S3/QrjP+uB25M09eACeyQoD+DIJGn1T root@ubuntu-bionic
ssh-rsa AAAAB3NzaC1yc2EAAAADAQABAAABAQC2W4sGtrygDCj8deyG+okeHU5swmeKmT0rzf0WeZWmqwsqG2yCWgiLfkPZvRi9iYJcY9rCFBqcDDM0y+02UGlY462qsPmkJUUmso2Aem6vYjk3MWITTmqM6fyPxKB3vXbNJnaobcHtovADlyz2dT5CIK2lk2qfzXaDkjppPURGa048Q1S/Srfya+KJ3AQ8Wg+hKodbJvApi/bUwk8VnVLgyT9BbKrHidSmpB0brpnVQX6FbnXDnu5g2zSPIFD+PxIHLGJ+ZnHppFJkTbWc0N6lb3nQcBSa5v14SuIWEyDot1+ejGjEbmOY9dIc+F0eR/5luVcp8VUU20vOFyb2/WN1 root@ubuntu-bionic
-----END SSH HOST KEY KEYS-----
[   23.979234] cloud-in[  508.206396] watchdog: BUG: soft lockup - CPU#1 stuck for 22s! [vminfo:1229]
[  580.744281] watchdog: BUG: soft lockup - CPU#1 stuck for 23s! [systemd-network:1895]
         Stopping Authorization Manager...
         Stopping User Manager for UID 1000...
         Stopping Availability of block devices...
         Stopping Session 5 of user vagrant.
[[0;32m  OK  [0m] Stopped target Graphical Interface.
[[0;32m  OK  [0m] Stopped target Host and Network Name Lookups.
[[0;32m  OK  [0m] Closed Load/Save RF Kill Switch Status /dev/rfkill Watch.
[[0;32m  OK  [0m] Stopped target Timers.
[[0;32m  OK  [0m] Stopped Daily apt upgrade and clean activities.
[[0;32m  OK  [0m] Stopped Message of the Day.
[[0;32m  OK  [0m] Stopped Daily Cleanup of Temporary Directories.
[[0;32m  OK  [0m] Stopped Discard unused blocks once a week.
[[0;32m  OK  [0m] Stopped Daily apt download activities.
[[0;32m  OK  [0m] Stopped target Cloud-init target.
[[0;32m  OK  [0m] Stopped Execute cloud user/final scripts.
[[0;32m  OK  [0m] Stopped Apply the settings specified in cloud-config.
[[0;32m  OK  [0m] Stopped target Cloud-config availability.
[[0;32m  OK  [0m] Stopped target Network is Online.
[[0;32m  OK  [0m] Stopped target Multi-User System.
         Stopping Dispatcher daemon for systemd-networkd...
         Stopping LXD - container startup/shutdown...
[[0;32m  OK  [0m] Stopped target Login Prompts.
         Stopping D-Bus System Message Bus...
         Stopping System Logging Service...
         Stopping irqbalance daemon...
         Stopping Unattended Upgrades Shutdown...
         Stopping OpenBSD Secure Shell server...
         Stopping FUSE filesystem for LXC...
         Stopping LSB: Record successful boot for GRUB...
         Stopp
         Stopping LSB: automatic crash report generation...
         Stopping Getty on tty1...
         Stopping Accounts Service...
[[0;32m  OK  [0m] Unmounted /var/lib/lxcfs.
[[0;32m  OK  [0m] Stopped Regular background program processing daemon.
[[0;32m  OK  [0m] Stopped System Logging Service.
[[0;32m  OK  [0m] Stopped Dispatcher daemon for systemd-networkd.
[[0;32m  OK  [0m] Stopped Deferred execution scheduler.
[[0;32m  OK  [0m] Stopped Accounts Service.
[[0;32m  OK  [0m] Stopped irqbalance daemon.
[[0;32m  OK  [0m] Stopped Serial Getty on ttyS0.
[[0;32m  OK  [0m] Stopped Getty on tty1.
[[0;32m  OK  [0m] Stopped Unattended Upgrades Shutdown.
[[0;32m  OK  [0m] Stopped Authorization Manager.
[[0;32m  OK  [0m] Stopped OpenBSD Secure Shell server.
[[0;32m  OK  [0m] Stopped User Manager for UID 1000.
[[0;32m  OK  [0m] Stopped D-Bus System Message Bus.
[[0;32m  OK  [0m] Stopped Session 5 of user vagrant.
[[0;32m  OK  [0m] Stopped FUSE filesystem for LXC.
[[0;32m  OK  [0m] Stopped Availability of block devices.
[[0;32m  OK  [0m] Stopped LXD - container startup/shutdown.
[[0;32m  OK  [0m] Stopped LSB: Record successful boot for GRUB.
[[0;32m  OK  [0m] Removed slice User Slice of vagrant.
         Stopping Login Service...
[[0;32m  OK  [0m] Removed slice system-getty.slice.
[[0;32m  OK  [0m] Removed slice system-serial\x2dgetty.slice.
         Stopping Permit User Sessions...
[[0;32m  OK  [0m] Stopped LSB: automatic crash report generation.
[[0;32m  OK  [0m] Stopped Permit User Sessions.
[[0;32m  OK  [0m] Stopped target Remote File Systems.
[[0;32m  OK  [0m] Stopped target Remote File Systems (Pre).
[[0;32m  OK  [0m] Stopped Virtualbox guest utils.
[[0;32m  OK  [0m] Stopped Login Service.
[[0;32m  OK  [0m] Stopped target User and Group Name Lookups.
[[0;32m  OK  [0m] Stopped A high performance web server and a reverse proxy server.
[[0;32m  OK  [0m] Stopped target Basic System.
[[0;32m  OK  [0m] Stopped target Paths.
[[0;32m  OK  [0m] Stopped ACPI Events Check.
[[0;32m  OK  [0m] Stopped target Sockets.
[[0;32m  OK  [0m] Closed Socket activation for snappy daemon.
[[0;32m  OK  [0m] Closed ACPID Listen Socket.
[[0;32m  OK  [0m] Closed Syslog Socket.
[[0;32m  OK  [0m] Closed LXD - unix socket.
[[0;32m  OK  [0m] Closed UUID daemon activation socket.
[[0;32m  OK  [0m] Closed D-Bus System Message Bus Socket.
[[0;32m  OK  [0m] Closed Open-iSCSI iscsid Socket.
[[0;32m  OK  [0m] Stopped target Slices.
[[0;32m  OK  [0m] Removed slice User and Session Slice.
[[0;32m  OK  [0m] Stopped target System Initialization.
         Stopping Update UTMP about System Boot/Shutdown...
[[0;32m  OK  [0m] Stopped target Local Encrypted Volumes.
[[0;32m  OK  [0m] Stopped Forward Password Requests to Wall Directory Watch.
[[0;32m  OK  [0m] Stopped Dispatch Password Requests to Console Directory Watch.
[[0;32m  OK  [0m] Stopped Initial cloud-init job (metadata service crawler).
[[0;32m  OK  [0m] Stopped Commit a transient machine-id on disk.
         Stopping Load/Save Random Seed...
[[0;32m  OK  [0m] Stopped target Network.
         Stopping Network Name Resolution...
[[0;32m  OK  [0m] Stopped Update UTMP about System Boot/Shutdown.
[[0;32m  OK  [0m] Stopped Load/Save Random Seed.
[[0;32m  OK  [0m] Stopped Network Name Resolution.
         Stopping Network Service...
[[0;32m  OK  [0m] Stopped Create Volatile Files and Directories.
[[0;32m  OK  [0m] Stopped target Local File Systems.
         Unmounting /vagrant...
         Unmounting /run/user/1000...
[[0;32m  OK  [0m] Unmounted /run/user/1000.
[[0;32m  OK  [0m] Stopped target Swap.
[[0;32m  OK  [0m] Unmounted /vagrant.
[[0;32m  OK  [0m] Reached target Unmount All Filesystems.
[[0;32m  OK  [0m] Stopped target Local File Systems (Pre).
         Stopping Monitoring of LVM2 mirrorsâ€¦ng dmeventd or progress polling...
[[0;32m  OK  [0m] Stopped Create Static Device Nodes in /dev.
[[0;32m  OK  [0m] Stopped Network Service.
[[0;32m  OK  [0m] Stopped Apply Kernel Variables.
[[0;32m  OK  [0m] Stopped Load Kernel Modules.
[[0;32m  OK  [0m] Stopped target Network (Pre).
[[0;32m  OK  [0m] Stopped Initial cloud-init job (pre-networking).
[[0;32m  OK  [0m] Stopped Remount Root and Kernel File Systems.
[[0;32m  OK  [0m] Reached target Shutdown.
[[0;32m  OK  [0m] Reached target Final Step.
         Starting Power-Off...
[[0;32m  OK  [0m] Stopped Monitoring of LVM2 mirrors,â€¦sing dmeventd or progress polling.
         Stopping LVM2 metadata daemon...
[[0;32m  OK  [0m] Stopped LVM2 metadata daemon.
[  966.647875] reboot: Power down
¦ng dmeventd or progress polling...
[[0;32m  OK  [0m] Stopped Network Service.
[[0;32m  OK  [0m] Stopped Monitoring of LVM2 mirrors,â€¦sing dmeventd or progress polling.
         Stopping LVM2 metadata daemon...
[[0;32m  OK  [0m] Stopped Apply Kernel Variables.
[[0;32m  OK  [0m] Stopped Load Kernel Modules.
[[0;32m  OK  [0m] Stopped target Network (Pre).
[[0;32m  OK  [0m] Stopped Initial cloud-init job (pre-networking).
[[0;32m  OK  [0m] Stopped Remount Root and Kernel File Systems.
[[0;32m  OK  [0m] Reached target Shutdown.
[[0;32m  OK  [0m] Reached target Final Step.
         Starting Power-Off...
[[0;32m  OK  [0m] Stopped LVM2 metadata daemon.
[  820.572451] reboot: Power down
 Load Kernel Modules.
[[0;32m  OK  [0m] Reached target Shutdown.
[[0;32m  OK  [0m] Reached target Final Step.
         Starting Power-Off...
         Stopping LVM2 metadata daemon...
[[0;32m  OK  [0m] Stopped LVM2 metadata daemon.
[  719.059139] reboot: Power down
